[ 2630232ms] [WARNING] unable to connect to top frame for connecting dev tools @ https://react.carbondesignsystem.com/iframe.html?id=components-accordion--default&globals=theme:white:545
[ 2630440ms] [WARNING] Attempted to set a global (theme) that is not defined in initial globals or globalTypes @ https://react.carbondesignsystem.com/assets/iframe-Bue7tqQQ.js:581
[ 2630854ms] [INFO] [@carbon/feature-flags] `enable-v12-dynamic-floating-styles` is available but not enabled.
Enable dynamic setting of floating styles for components like Popover, Tooltip, etc.
This becomes the default behavior in v12. Enable it to migrate early, or enable `enable-v12-release` to turn on every v12 flag at once. @ https://carbondesignsystem.com/app-341c666b0b28bfa9557b.js:1
[ 2631036ms] Error: Minified React error #418; visit https://reactjs.org/docs/error-decoder.html?invariant=418 for the full message or use the non-minified dev environment for full errors and additional helpful warnings.
    at sa (https://carbondesignsystem.com/framework-ebf2d83c05b5c1f25420.js:2:49173)
    at xi (https://carbondesignsystem.com/framework-ebf2d83c05b5c1f25420.js:2:121839)
    at bs (https://carbondesignsystem.com/framework-ebf2d83c05b5c1f25420.js:2:109397)
    at vs (https://carbondesignsystem.com/framework-ebf2d83c05b5c1f25420.js:2:109325)
    at gs (https://carbondesignsystem.com/framework-ebf2d83c05b5c1f25420.js:2:109188)
    at ls (https://carbondesignsystem.com/framework-ebf2d83c05b5c1f25420.js:2:104351)
    at S (https://carbondesignsystem.com/framework-ebf2d83c05b5c1f25420.js:2:138370)
    at MessagePort.T (https://carbondesignsystem.com/framework-ebf2d83c05b5c1f25420.js:2:138902)
[ 2631036ms] Error: Minified React error #418; visit https://reactjs.org/docs/error-decoder.html?invariant=418 for the full message or use the non-minified dev environment for full errors and additional helpful warnings.
    at sa (https://carbondesignsystem.com/framework-ebf2d83c05b5c1f25420.js:2:49173)
    at xi (https://carbondesignsystem.com/framework-ebf2d83c05b5c1f25420.js:2:122016)
    at bs (https://carbondesignsystem.com/framework-ebf2d83c05b5c1f25420.js:2:109397)
    at vs (https://carbondesignsystem.com/framework-ebf2d83c05b5c1f25420.js:2:109325)
    at gs (https://carbondesignsystem.com/framework-ebf2d83c05b5c1f25420.js:2:109188)
    at ls (https://carbondesignsystem.com/framework-ebf2d83c05b5c1f25420.js:2:104351)
    at S (https://carbondesignsystem.com/framework-ebf2d83c05b5c1f25420.js:2:138370)
    at MessagePort.T (https://carbondesignsystem.com/framework-ebf2d83c05b5c1f25420.js:2:138902)
[ 2631036ms] Error: Minified React error #418; visit https://reactjs.org/docs/error-decoder.html?invariant=418 for the full message or use the non-minified dev environment for full errors and additional helpful warnings.
    at sa (https://carbondesignsystem.com/framework-ebf2d83c05b5c1f25420.js:2:49173)
    at xi (https://carbondesignsystem.com/framework-ebf2d83c05b5c1f25420.js:2:121839)
    at bs (https://carbondesignsystem.com/framework-ebf2d83c05b5c1f25420.js:2:109397)
    at vs (https://carbondesignsystem.com/framework-ebf2d83c05b5c1f25420.js:2:109325)
    at gs (https://carbondesignsystem.com/framework-ebf2d83c05b5c1f25420.js:2:109188)
    at ls (https://carbondesignsystem.com/framework-ebf2d83c05b5c1f25420.js:2:104351)
    at S (https://carbondesignsystem.com/framework-ebf2d83c05b5c1f25420.js:2:138370)
    at MessagePort.T (https://carbondesignsystem.com/framework-ebf2d83c05b5c1f25420.js:2:138902)
[ 2631037ms] Error: Minified React error #418; visit https://reactjs.org/docs/error-decoder.html?invariant=418 for the full message or use the non-minified dev environment for full errors and additional helpful warnings.
    at sa (https://carbondesignsystem.com/framework-ebf2d83c05b5c1f25420.js:2:49173)
    at xi (https://carbondesignsystem.com/framework-ebf2d83c05b5c1f25420.js:2:122016)
    at bs (https://carbondesignsystem.com/framework-ebf2d83c05b5c1f25420.js:2:109397)
    at vs (https://carbondesignsystem.com/framework-ebf2d83c05b5c1f25420.js:2:109325)
    at gs (https://carbondesignsystem.com/framework-ebf2d83c05b5c1f25420.js:2:109188)
    at ls (https://carbondesignsystem.com/framework-ebf2d83c05b5c1f25420.js:2:104351)
    at S (https://carbondesignsystem.com/framework-ebf2d83c05b5c1f25420.js:2:138370)
    at MessagePort.T (https://carbondesignsystem.com/framework-ebf2d83c05b5c1f25420.js:2:138902)
[ 2631037ms] Error: Minified React error #418; visit https://reactjs.org/docs/error-decoder.html?invariant=418 for the full message or use the non-minified dev environment for full errors and additional helpful warnings.
    at sa (https://carbondesignsystem.com/framework-ebf2d83c05b5c1f25420.js:2:49173)
    at xi (https://carbondesignsystem.com/framework-ebf2d83c05b5c1f25420.js:2:122016)
    at bs (https://carbondesignsystem.com/framework-ebf2d83c05b5c1f25420.js:2:109397)
    at vs (https://carbondesignsystem.com/framework-ebf2d83c05b5c1f25420.js:2:109325)
    at gs (https://carbondesignsystem.com/framework-ebf2d83c05b5c1f25420.js:2:109188)
    at ls (https://carbondesignsystem.com/framework-ebf2d83c05b5c1f25420.js:2:104351)
    at S (https://carbondesignsystem.com/framework-ebf2d83c05b5c1f25420.js:2:138370)
    at MessagePort.T (https://carbondesignsystem.com/framework-ebf2d83c05b5c1f25420.js:2:138902)
[ 2631037ms] Error: Minified React error #418; visit https://reactjs.org/docs/error-decoder.html?invariant=418 for the full message or use the non-minified dev environment for full errors and additional helpful warnings.
    at sa (https://carbondesignsystem.com/framework-ebf2d83c05b5c1f25420.js:2:49173)
    at xi (https://carbondesignsystem.com/framework-ebf2d83c05b5c1f25420.js:2:121839)
    at bs (https://carbondesignsystem.com/framework-ebf2d83c05b5c1f25420.js:2:109397)
    at vs (https://carbondesignsystem.com/framework-ebf2d83c05b5c1f25420.js:2:109325)
    at gs (https://carbondesignsystem.com/framework-ebf2d83c05b5c1f25420.js:2:109188)
    at ls (https://carbondesignsystem.com/framework-ebf2d83c05b5c1f25420.js:2:104351)
    at S (https://carbondesignsystem.com/framework-ebf2d83c05b5c1f25420.js:2:138370)
    at MessagePort.T (https://carbondesignsystem.com/framework-ebf2d83c05b5c1f25420.js:2:138902)
[ 2631037ms] Error: Minified React error #418; visit https://reactjs.org/docs/error-decoder.html?invariant=418 for the full message or use the non-minified dev environment for full errors and additional helpful warnings.
    at sa (https://carbondesignsystem.com/framework-ebf2d83c05b5c1f25420.js:2:49173)
    at xi (https://carbondesignsystem.com/framework-ebf2d83c05b5c1f25420.js:2:122016)
    at bs (https://carbondesignsystem.com/framework-ebf2d83c05b5c1f25420.js:2:109397)
    at vs (https://carbondesignsystem.com/framework-ebf2d83c05b5c1f25420.js:2:109325)
    at gs (https://carbondesignsystem.com/framework-ebf2d83c05b5c1f25420.js:2:109188)
    at ls (https://carbondesignsystem.com/framework-ebf2d83c05b5c1f25420.js:2:104351)
    at S (https://carbondesignsystem.com/framework-ebf2d83c05b5c1f25420.js:2:138370)
    at MessagePort.T (https://carbondesignsystem.com/framework-ebf2d83c05b5c1f25420.js:2:138902)
[ 2631037ms] Error: Minified React error #418; visit https://reactjs.org/docs/error-decoder.html?invariant=418 for the full message or use the non-minified dev environment for full errors and additional helpful warnings.
    at sa (https://carbondesignsystem.com/framework-ebf2d83c05b5c1f25420.js:2:49173)
    at xi (https://carbondesignsystem.com/framework-ebf2d83c05b5c1f25420.js:2:121839)
    at bs (https://carbondesignsystem.com/framework-ebf2d83c05b5c1f25420.js:2:109397)
    at vs (https://carbondesignsystem.com/framework-ebf2d83c05b5c1f25420.js:2:109325)
    at gs (https://carbondesignsystem.com/framework-ebf2d83c05b5c1f25420.js:2:109188)
    at ls (https://carbondesignsystem.com/framework-ebf2d83c05b5c1f25420.js:2:104351)
    at S (https://carbondesignsystem.com/framework-ebf2d83c05b5c1f25420.js:2:138370)
    at MessagePort.T (https://carbondesignsystem.com/framework-ebf2d83c05b5c1f25420.js:2:138902)
[ 2631037ms] Error: Minified React error #418; visit https://reactjs.org/docs/error-decoder.html?invariant=418 for the full message or use the non-minified dev environment for full errors and additional helpful warnings.
    at sa (https://carbondesignsystem.com/framework-ebf2d83c05b5c1f25420.js:2:49173)
    at xi (https://carbondesignsystem.com/framework-ebf2d83c05b5c1f25420.js:2:122016)
    at bs (https://carbondesignsystem.com/framework-ebf2d83c05b5c1f25420.js:2:109397)
    at vs (https://carbondesignsystem.com/framework-ebf2d83c05b5c1f25420.js:2:109325)
    at gs (https://carbondesignsystem.com/framework-ebf2d83c05b5c1f25420.js:2:109188)
    at ls (https://carbondesignsystem.com/framework-ebf2d83c05b5c1f25420.js:2:104351)
    at S (https://carbondesignsystem.com/framework-ebf2d83c05b5c1f25420.js:2:138370)
    at MessagePort.T (https://carbondesignsystem.com/framework-ebf2d83c05b5c1f25420.js:2:138902)
[ 2631037ms] Error: Minified React error #418; visit https://reactjs.org/docs/error-decoder.html?invariant=418 for the full message or use the non-minified dev environment for full errors and additional helpful warnings.
    at sa (https://carbondesignsystem.com/framework-ebf2d83c05b5c1f25420.js:2:49173)
    at xi (https://carbondesignsystem.com/framework-ebf2d83c05b5c1f25420.js:2:121839)
    at bs (https://carbondesignsystem.com/framework-ebf2d83c05b5c1f25420.js:2:109397)
    at vs (https://carbondesignsystem.com/framework-ebf2d83c05b5c1f25420.js:2:109325)
    at gs (https://carbondesignsystem.com/framework-ebf2d83c05b5c1f25420.js:2:109188)
    at ls (https://carbondesignsystem.com/framework-ebf2d83c05b5c1f25420.js:2:104351)
    at S (https://carbondesignsystem.com/framework-ebf2d83c05b5c1f25420.js:2:138370)
    at MessagePort.T (https://carbondesignsystem.com/framework-ebf2d83c05b5c1f25420.js:2:138902)
[ 2631037ms] Error: Minified React error #418; visit https://reactjs.org/docs/error-decoder.html?invariant=418 for the full message or use the non-minified dev environment for full errors and additional helpful warnings.
    at sa (https://carbondesignsystem.com/framework-ebf2d83c05b5c1f25420.js:2:49173)
    at xi (https://carbondesignsystem.com/framework-ebf2d83c05b5c1f25420.js:2:122016)
    at bs (https://carbondesignsystem.com/framework-ebf2d83c05b5c1f25420.js:2:109397)
    at vs (https://carbondesignsystem.com/framework-ebf2d83c05b5c1f25420.js:2:109325)
    at gs (https://carbondesignsystem.com/framework-ebf2d83c05b5c1f25420.js:2:109188)
    at ls (https://carbondesignsystem.com/framework-ebf2d83c05b5c1f25420.js:2:104351)
    at S (https://carbondesignsystem.com/framework-ebf2d83c05b5c1f25420.js:2:138370)
    at MessagePort.T (https://carbondesignsystem.com/framework-ebf2d83c05b5c1f25420.js:2:138902)
[ 2631037ms] Error: Minified React error #418; visit https://reactjs.org/docs/error-decoder.html?invariant=418 for the full message or use the non-minified dev environment for full errors and additional helpful warnings.
    at sa (https://carbondesignsystem.com/framework-ebf2d83c05b5c1f25420.js:2:49173)
    at xi (https://carbondesignsystem.com/framework-ebf2d83c05b5c1f25420.js:2:121839)
    at bs (https://carbondesignsystem.com/framework-ebf2d83c05b5c1f25420.js:2:109397)
    at vs (https://carbondesignsystem.com/framework-ebf2d83c05b5c1f25420.js:2:109325)
    at gs (https://carbondesignsystem.com/framework-ebf2d83c05b5c1f25420.js:2:109188)
    at ls (https://carbondesignsystem.com/framework-ebf2d83c05b5c1f25420.js:2:104351)
    at S (https://carbondesignsystem.com/framework-ebf2d83c05b5c1f25420.js:2:138370)
    at MessagePort.T (https://carbondesignsystem.com/framework-ebf2d83c05b5c1f25420.js:2:138902)
[ 2631037ms] Error: Minified React error #418; visit https://reactjs.org/docs/error-decoder.html?invariant=418 for the full message or use the non-minified dev environment for full errors and additional helpful warnings.
    at sa (https://carbondesignsystem.com/framework-ebf2d83c05b5c1f25420.js:2:49173)
    at xi (https://carbondesignsystem.com/framework-ebf2d83c05b5c1f25420.js:2:122016)
    at bs (https://carbondesignsystem.com/framework-ebf2d83c05b5c1f25420.js:2:109397)
    at vs (https://carbondesignsystem.com/framework-ebf2d83c05b5c1f25420.js:2:109325)
    at gs (https://carbondesignsystem.com/framework-ebf2d83c05b5c1f25420.js:2:109188)
    at ls (https://carbondesignsystem.com/framework-ebf2d83c05b5c1f25420.js:2:104351)
    at S (https://carbondesignsystem.com/framework-ebf2d83c05b5c1f25420.js:2:138370)
    at MessagePort.T (https://carbondesignsystem.com/framework-ebf2d83c05b5c1f25420.js:2:138902)
[ 2631037ms] Error: Minified React error #418; visit https://reactjs.org/docs/error-decoder.html?invariant=418 for the full message or use the non-minified dev environment for full errors and additional helpful warnings.
    at sa (https://carbondesignsystem.com/framework-ebf2d83c05b5c1f25420.js:2:49173)
    at xi (https://carbondesignsystem.com/framework-ebf2d83c05b5c1f25420.js:2:121839)
    at bs (https://carbondesignsystem.com/framework-ebf2d83c05b5c1f25420.js:2:109397)
    at vs (https://carbondesignsystem.com/framework-ebf2d83c05b5c1f25420.js:2:109325)
    at gs (https://carbondesignsystem.com/framework-ebf2d83c05b5c1f25420.js:2:109188)
    at ls (https://carbondesignsystem.com/framework-ebf2d83c05b5c1f25420.js:2:104351)
    at S (https://carbondesignsystem.com/framework-ebf2d83c05b5c1f25420.js:2:138370)
    at MessagePort.T (https://carbondesignsystem.com/framework-ebf2d83c05b5c1f25420.js:2:138902)
[ 2631037ms] Error: Minified React error #418; visit https://reactjs.org/docs/error-decoder.html?invariant=418 for the full message or use the non-minified dev environment for full errors and additional helpful warnings.
    at sa (https://carbondesignsystem.com/framework-ebf2d83c05b5c1f25420.js:2:49173)
    at xi (https://carbondesignsystem.com/framework-ebf2d83c05b5c1f25420.js:2:122016)
    at bs (https://carbondesignsystem.com/framework-ebf2d83c05b5c1f25420.js:2:109397)
    at vs (https://carbondesignsystem.com/framework-ebf2d83c05b5c1f25420.js:2:109325)
    at gs (https://carbondesignsystem.com/framework-ebf2d83c05b5c1f25420.js:2:109188)
    at ls (https://carbondesignsystem.com/framework-ebf2d83c05b5c1f25420.js:2:104351)
    at S (https://carbondesignsystem.com/framework-ebf2d83c05b5c1f25420.js:2:138370)
    at MessagePort.T (https://carbondesignsystem.com/framework-ebf2d83c05b5c1f25420.js:2:138902)
[ 2631037ms] Error: Minified React error #418; visit https://reactjs.org/docs/error-decoder.html?invariant=418 for the full message or use the non-minified dev environment for full errors and additional helpful warnings.
    at sa (https://carbondesignsystem.com/framework-ebf2d83c05b5c1f25420.js:2:49173)
    at xi (https://carbondesignsystem.com/framework-ebf2d83c05b5c1f25420.js:2:121839)
    at bs (https://carbondesignsystem.com/framework-ebf2d83c05b5c1f25420.js:2:109397)
    at vs (https://carbondesignsystem.com/framework-ebf2d83c05b5c1f25420.js:2:109325)
    at gs (https://carbondesignsystem.com/framework-ebf2d83c05b5c1f25420.js:2:109188)
    at ls (https://carbondesignsystem.com/framework-ebf2d83c05b5c1f25420.js:2:104351)
    at S (https://carbondesignsystem.com/framework-ebf2d83c05b5c1f25420.js:2:138370)
    at MessagePort.T (https://carbondesignsystem.com/framework-ebf2d83c05b5c1f25420.js:2:138902)
[ 2631037ms] Error: Minified React error #418; visit https://reactjs.org/docs/error-decoder.html?invariant=418 for the full message or use the non-minified dev environment for full errors and additional helpful warnings.
    at sa (https://carbondesignsystem.com/framework-ebf2d83c05b5c1f25420.js:2:49173)
    at xi (https://carbondesignsystem.com/framework-ebf2d83c05b5c1f25420.js:2:122016)
    at bs (https://carbondesignsystem.com/framework-ebf2d83c05b5c1f25420.js:2:109397)
    at vs (https://carbondesignsystem.com/framework-ebf2d83c05b5c1f25420.js:2:109325)
    at gs (https://carbondesignsystem.com/framework-ebf2d83c05b5c1f25420.js:2:109188)
    at ls (https://carbondesignsystem.com/framework-ebf2d83c05b5c1f25420.js:2:104351)
    at S (https://carbondesignsystem.com/framework-ebf2d83c05b5c1f25420.js:2:138370)
    at MessagePort.T (https://carbondesignsystem.com/framework-ebf2d83c05b5c1f25420.js:2:138902)
[ 2631037ms] Error: Minified React error #418; visit https://reactjs.org/docs/error-decoder.html?invariant=418 for the full message or use the non-minified dev environment for full errors and additional helpful warnings.
    at sa (https://carbondesignsystem.com/framework-ebf2d83c05b5c1f25420.js:2:49173)
    at xi (https://carbondesignsystem.com/framework-ebf2d83c05b5c1f25420.js:2:121839)
    at bs (https://carbondesignsystem.com/framework-ebf2d83c05b5c1f25420.js:2:109397)
    at vs (https://carbondesignsystem.com/framework-ebf2d83c05b5c1f25420.js:2:109325)
    at gs (https://carbondesignsystem.com/framework-ebf2d83c05b5c1f25420.js:2:109188)
    at ls (https://carbondesignsystem.com/framework-ebf2d83c05b5c1f25420.js:2:104351)
    at S (https://carbondesignsystem.com/framework-ebf2d83c05b5c1f25420.js:2:138370)
    at MessagePort.T (https://carbondesignsystem.com/framework-ebf2d83c05b5c1f25420.js:2:138902)
[ 2631037ms] Error: Minified React error #418; visit https://reactjs.org/docs/error-decoder.html?invariant=418 for the full message or use the non-minified dev environment for full errors and additional helpful warnings.
    at sa (https://carbondesignsystem.com/framework-ebf2d83c05b5c1f25420.js:2:49173)
    at xi (https://carbondesignsystem.com/framework-ebf2d83c05b5c1f25420.js:2:122016)
    at bs (https://carbondesignsystem.com/framework-ebf2d83c05b5c1f25420.js:2:109397)
    at vs (https://carbondesignsystem.com/framework-ebf2d83c05b5c1f25420.js:2:109325)
    at gs (https://carbondesignsystem.com/framework-ebf2d83c05b5c1f25420.js:2:109188)
    at ls (https://carbondesignsystem.com/framework-ebf2d83c05b5c1f25420.js:2:104351)
    at S (https://carbondesignsystem.com/framework-ebf2d83c05b5c1f25420.js:2:138370)
    at MessagePort.T (https://carbondesignsystem.com/framework-ebf2d83c05b5c1f25420.js:2:138902)
[ 2631038ms] Error: Minified React error #418; visit https://reactjs.org/docs/error-decoder.html?invariant=418 for the full message or use the non-minified dev environment for full errors and additional helpful warnings.
    at sa (https://carbondesignsystem.com/framework-ebf2d83c05b5c1f25420.js:2:49173)
    at xi (https://carbondesignsystem.com/framework-ebf2d83c05b5c1f25420.js:2:121839)
    at bs (https://carbondesignsystem.com/framework-ebf2d83c05b5c1f25420.js:2:109397)
    at vs (https://carbondesignsystem.com/framework-ebf2d83c05b5c1f25420.js:2:109325)
    at gs (https://carbondesignsystem.com/framework-ebf2d83c05b5c1f25420.js:2:109188)
    at ls (https://carbondesignsystem.com/framework-ebf2d83c05b5c1f25420.js:2:104351)
    at S (https://carbondesignsystem.com/framework-ebf2d83c05b5c1f25420.js:2:138370)
    at MessagePort.T (https://carbondesignsystem.com/framework-ebf2d83c05b5c1f25420.js:2:138902)
[ 2631038ms] Error: Minified React error #418; visit https://reactjs.org/docs/error-decoder.html?invariant=418 for the full message or use the non-minified dev environment for full errors and additional helpful warnings.
    at sa (https://carbondesignsystem.com/framework-ebf2d83c05b5c1f25420.js:2:49173)
    at xi (https://carbondesignsystem.com/framework-ebf2d83c05b5c1f25420.js:2:122016)
    at bs (https://carbondesignsystem.com/framework-ebf2d83c05b5c1f25420.js:2:109397)
    at vs (https://carbondesignsystem.com/framework-ebf2d83c05b5c1f25420.js:2:109325)
    at gs (https://carbondesignsystem.com/framework-ebf2d83c05b5c1f25420.js:2:109188)
    at ls (https://carbondesignsystem.com/framework-ebf2d83c05b5c1f25420.js:2:104351)
    at S (https://carbondesignsystem.com/framework-ebf2d83c05b5c1f25420.js:2:138370)
    at MessagePort.T (https://carbondesignsystem.com/framework-ebf2d83c05b5c1f25420.js:2:138902)
[ 2631038ms] Error: Minified React error #418; visit https://reactjs.org/docs/error-decoder.html?invariant=418 for the full message or use the non-minified dev environment for full errors and additional helpful warnings.
    at sa (https://carbondesignsystem.com/framework-ebf2d83c05b5c1f25420.js:2:49173)
    at xi (https://carbondesignsystem.com/framework-ebf2d83c05b5c1f25420.js:2:121839)
    at bs (https://carbondesignsystem.com/framework-ebf2d83c05b5c1f25420.js:2:109397)
    at vs (https://carbondesignsystem.com/framework-ebf2d83c05b5c1f25420.js:2:109325)
    at gs (https://carbondesignsystem.com/framework-ebf2d83c05b5c1f25420.js:2:109188)
    at ls (https://carbondesignsystem.com/framework-ebf2d83c05b5c1f25420.js:2:104351)
    at S (https://carbondesignsystem.com/framework-ebf2d83c05b5c1f25420.js:2:138370)
    at MessagePort.T (https://carbondesignsystem.com/framework-ebf2d83c05b5c1f25420.js:2:138902)
[ 2631038ms] Error: Minified React error #418; visit https://reactjs.org/docs/error-decoder.html?invariant=418 for the full message or use the non-minified dev environment for full errors and additional helpful warnings.
    at sa (https://carbondesignsystem.com/framework-ebf2d83c05b5c1f25420.js:2:49173)
    at xi (https://carbondesignsystem.com/framework-ebf2d83c05b5c1f25420.js:2:122016)
    at bs (https://carbondesignsystem.com/framework-ebf2d83c05b5c1f25420.js:2:109397)
    at vs (https://carbondesignsystem.com/framework-ebf2d83c05b5c1f25420.js:2:109325)
    at gs (https://carbondesignsystem.com/framework-ebf2d83c05b5c1f25420.js:2:109188)
    at ls (https://carbondesignsystem.com/framework-ebf2d83c05b5c1f25420.js:2:104351)
    at S (https://carbondesignsystem.com/framework-ebf2d83c05b5c1f25420.js:2:138370)
    at MessagePort.T (https://carbondesignsystem.com/framework-ebf2d83c05b5c1f25420.js:2:138902)
[ 2631038ms] Error: Minified React error #418; visit https://reactjs.org/docs/error-decoder.html?invariant=418 for the full message or use the non-minified dev environment for full errors and additional helpful warnings.
    at sa (https://carbondesignsystem.com/framework-ebf2d83c05b5c1f25420.js:2:49173)
    at xi (https://carbondesignsystem.com/framework-ebf2d83c05b5c1f25420.js:2:121839)
    at bs (https://carbondesignsystem.com/framework-ebf2d83c05b5c1f25420.js:2:109397)
    at vs (https://carbondesignsystem.com/framework-ebf2d83c05b5c1f25420.js:2:109325)
    at gs (https://carbondesignsystem.com/framework-ebf2d83c05b5c1f25420.js:2:109188)
    at ls (https://carbondesignsystem.com/framework-ebf2d83c05b5c1f25420.js:2:104351)
    at S (https://carbondesignsystem.com/framework-ebf2d83c05b5c1f25420.js:2:138370)
    at MessagePort.T (https://carbondesignsystem.com/framework-ebf2d83c05b5c1f25420.js:2:138902)
[ 2631038ms] Error: Minified React error #418; visit https://reactjs.org/docs/error-decoder.html?invariant=418 for the full message or use the non-minified dev environment for full errors and additional helpful warnings.
    at sa (https://carbondesignsystem.com/framework-ebf2d83c05b5c1f25420.js:2:49173)
    at xi (https://carbondesignsystem.com/framework-ebf2d83c05b5c1f25420.js:2:122016)
    at bs (https://carbondesignsystem.com/framework-ebf2d83c05b5c1f25420.js:2:109397)
    at vs (https://carbondesignsystem.com/framework-ebf2d83c05b5c1f25420.js:2:109325)
    at gs (https://carbondesignsystem.com/framework-ebf2d83c05b5c1f25420.js:2:109188)
    at ls (https://carbondesignsystem.com/framework-ebf2d83c05b5c1f25420.js:2:104351)
    at S (https://carbondesignsystem.com/framework-ebf2d83c05b5c1f25420.js:2:138370)
    at MessagePort.T (https://carbondesignsystem.com/framework-ebf2d83c05b5c1f25420.js:2:138902)
[ 2631038ms] Error: Minified React error #418; visit https://reactjs.org/docs/error-decoder.html?invariant=418 for the full message or use the non-minified dev environment for full errors and additional helpful warnings.
    at sa (https://carbondesignsystem.com/framework-ebf2d83c05b5c1f25420.js:2:49173)
    at xi (https://carbondesignsystem.com/framework-ebf2d83c05b5c1f25420.js:2:121839)
    at bs (https://carbondesignsystem.com/framework-ebf2d83c05b5c1f25420.js:2:109397)
    at vs (https://carbondesignsystem.com/framework-ebf2d83c05b5c1f25420.js:2:109325)
    at gs (https://carbondesignsystem.com/framework-ebf2d83c05b5c1f25420.js:2:109188)
    at ls (https://carbondesignsystem.com/framework-ebf2d83c05b5c1f25420.js:2:104351)
    at S (https://carbondesignsystem.com/framework-ebf2d83c05b5c1f25420.js:2:138370)
    at MessagePort.T (https://carbondesignsystem.com/framework-ebf2d83c05b5c1f25420.js:2:138902)
[ 2631038ms] Error: Minified React error #418; visit https://reactjs.org/docs/error-decoder.html?invariant=418 for the full message or use the non-minified dev environment for full errors and additional helpful warnings.
    at sa (https://carbondesignsystem.com/framework-ebf2d83c05b5c1f25420.js:2:49173)
    at xi (https://carbondesignsystem.com/framework-ebf2d83c05b5c1f25420.js:2:122016)
    at bs (https://carbondesignsystem.com/framework-ebf2d83c05b5c1f25420.js:2:109397)
    at vs (https://carbondesignsystem.com/framework-ebf2d83c05b5c1f25420.js:2:109325)
    at gs (https://carbondesignsystem.com/framework-ebf2d83c05b5c1f25420.js:2:109188)
    at ls (https://carbondesignsystem.com/framework-ebf2d83c05b5c1f25420.js:2:104351)
    at S (https://carbondesignsystem.com/framework-ebf2d83c05b5c1f25420.js:2:138370)
    at MessagePort.T (https://carbondesignsystem.com/framework-ebf2d83c05b5c1f25420.js:2:138902)
[ 2631038ms] Error: Minified React error #418; visit https://reactjs.org/docs/error-decoder.html?invariant=418 for the full message or use the non-minified dev environment for full errors and additional helpful warnings.
    at sa (https://carbondesignsystem.com/framework-ebf2d83c05b5c1f25420.js:2:49173)
    at xi (https://carbondesignsystem.com/framework-ebf2d83c05b5c1f25420.js:2:121839)
    at bs (https://carbondesignsystem.com/framework-ebf2d83c05b5c1f25420.js:2:109397)
    at vs (https://carbondesignsystem.com/framework-ebf2d83c05b5c1f25420.js:2:109325)
    at gs (https://carbondesignsystem.com/framework-ebf2d83c05b5c1f25420.js:2:109188)
    at ls (https://carbondesignsystem.com/framework-ebf2d83c05b5c1f25420.js:2:104351)
    at S (https://carbondesignsystem.com/framework-ebf2d83c05b5c1f25420.js:2:138370)
    at MessagePort.T (https://carbondesignsystem.com/framework-ebf2d83c05b5c1f25420.js:2:138902)
[ 2631038ms] Error: Minified React error #418; visit https://reactjs.org/docs/error-decoder.html?invariant=418 for the full message or use the non-minified dev environment for full errors and additional helpful warnings.
    at sa (https://carbondesignsystem.com/framework-ebf2d83c05b5c1f25420.js:2:49173)
    at xi (https://carbondesignsystem.com/framework-ebf2d83c05b5c1f25420.js:2:122016)
    at bs (https://carbondesignsystem.com/framework-ebf2d83c05b5c1f25420.js:2:109397)
    at vs (https://carbondesignsystem.com/framework-ebf2d83c05b5c1f25420.js:2:109325)
    at gs (https://carbondesignsystem.com/framework-ebf2d83c05b5c1f25420.js:2:109188)
    at ls (https://carbondesignsystem.com/framework-ebf2d83c05b5c1f25420.js:2:104351)
    at S (https://carbondesignsystem.com/framework-ebf2d83c05b5c1f25420.js:2:138370)
    at MessagePort.T (https://carbondesignsystem.com/framework-ebf2d83c05b5c1f25420.js:2:138902)
[ 2631038ms] Error: Minified React error #418; visit https://reactjs.org/docs/error-decoder.html?invariant=418 for the full message or use the non-minified dev environment for full errors and additional helpful warnings.
    at sa (https://carbondesignsystem.com/framework-ebf2d83c05b5c1f25420.js:2:49173)
    at xi (https://carbondesignsystem.com/framework-ebf2d83c05b5c1f25420.js:2:121839)
    at bs (https://carbondesignsystem.com/framework-ebf2d83c05b5c1f25420.js:2:109397)
    at vs (https://carbondesignsystem.com/framework-ebf2d83c05b5c1f25420.js:2:109325)
    at gs (https://carbondesignsystem.com/framework-ebf2d83c05b5c1f25420.js:2:109188)
    at ls (https://carbondesignsystem.com/framework-ebf2d83c05b5c1f25420.js:2:104351)
    at S (https://carbondesignsystem.com/framework-ebf2d83c05b5c1f25420.js:2:138370)
    at MessagePort.T (https://carbondesignsystem.com/framework-ebf2d83c05b5c1f25420.js:2:138902)
[ 2631038ms] Error: Minified React error #418; visit https://reactjs.org/docs/error-decoder.html?invariant=418 for the full message or use the non-minified dev environment for full errors and additional helpful warnings.
    at sa (https://carbondesignsystem.com/framework-ebf2d83c05b5c1f25420.js:2:49173)
    at xi (https://carbondesignsystem.com/framework-ebf2d83c05b5c1f25420.js:2:122016)
    at bs (https://carbondesignsystem.com/framework-ebf2d83c05b5c1f25420.js:2:109397)
    at vs (https://carbondesignsystem.com/framework-ebf2d83c05b5c1f25420.js:2:109325)
    at gs (https://carbondesignsystem.com/framework-ebf2d83c05b5c1f25420.js:2:109188)
    at ls (https://carbondesignsystem.com/framework-ebf2d83c05b5c1f25420.js:2:104351)
    at S (https://carbondesignsystem.com/framework-ebf2d83c05b5c1f25420.js:2:138370)
    at MessagePort.T (https://carbondesignsystem.com/framework-ebf2d83c05b5c1f25420.js:2:138902)
[ 2631038ms] Error: Minified React error #418; visit https://reactjs.org/docs/error-decoder.html?invariant=418 for the full message or use the non-minified dev environment for full errors and additional helpful warnings.
    at sa (https://carbondesignsystem.com/framework-ebf2d83c05b5c1f25420.js:2:49173)
    at xi (https://carbondesignsystem.com/framework-ebf2d83c05b5c1f25420.js:2:121839)
    at bs (https://carbondesignsystem.com/framework-ebf2d83c05b5c1f25420.js:2:109397)
    at vs (https://carbondesignsystem.com/framework-ebf2d83c05b5c1f25420.js:2:109325)
    at gs (https://carbondesignsystem.com/framework-ebf2d83c05b5c1f25420.js:2:109188)
    at ls (https://carbondesignsystem.com/framework-ebf2d83c05b5c1f25420.js:2:104351)
    at S (https://carbondesignsystem.com/framework-ebf2d83c05b5c1f25420.js:2:138370)
    at MessagePort.T (https://carbondesignsystem.com/framework-ebf2d83c05b5c1f25420.js:2:138902)
[ 2631038ms] Error: Minified React error #418; visit https://reactjs.org/docs/error-decoder.html?invariant=418 for the full message or use the non-minified dev environment for full errors and additional helpful warnings.
    at sa (https://carbondesignsystem.com/framework-ebf2d83c05b5c1f25420.js:2:49173)
    at xi (https://carbondesignsystem.com/framework-ebf2d83c05b5c1f25420.js:2:122016)
    at bs (https://carbondesignsystem.com/framework-ebf2d83c05b5c1f25420.js:2:109397)
    at vs (https://carbondesignsystem.com/framework-ebf2d83c05b5c1f25420.js:2:109325)
    at gs (https://carbondesignsystem.com/framework-ebf2d83c05b5c1f25420.js:2:109188)
    at ls (https://carbondesignsystem.com/framework-ebf2d83c05b5c1f25420.js:2:104351)
    at S (https://carbondesignsystem.com/framework-ebf2d83c05b5c1f25420.js:2:138370)
    at MessagePort.T (https://carbondesignsystem.com/framework-ebf2d83c05b5c1f25420.js:2:138902)
[ 2631039ms] Error: Minified React error #418; visit https://reactjs.org/docs/error-decoder.html?invariant=418 for the full message or use the non-minified dev environment for full errors and additional helpful warnings.
    at sa (https://carbondesignsystem.com/framework-ebf2d83c05b5c1f25420.js:2:49173)
    at xi (https://carbondesignsystem.com/framework-ebf2d83c05b5c1f25420.js:2:121839)
    at bs (https://carbondesignsystem.com/framework-ebf2d83c05b5c1f25420.js:2:109397)
    at vs (https://carbondesignsystem.com/framework-ebf2d83c05b5c1f25420.js:2:109325)
    at gs (https://carbondesignsystem.com/framework-ebf2d83c05b5c1f25420.js:2:109188)
    at ls (https://carbondesignsystem.com/framework-ebf2d83c05b5c1f25420.js:2:104351)
    at S (https://carbondesignsystem.com/framework-ebf2d83c05b5c1f25420.js:2:138370)
    at MessagePort.T (https://carbondesignsystem.com/framework-ebf2d83c05b5c1f25420.js:2:138902)
[ 2631039ms] Error: Minified React error #418; visit https://reactjs.org/docs/error-decoder.html?invariant=418 for the full message or use the non-minified dev environment for full errors and additional helpful warnings.
    at sa (https://carbondesignsystem.com/framework-ebf2d83c05b5c1f25420.js:2:49173)
    at xi (https://carbondesignsystem.com/framework-ebf2d83c05b5c1f25420.js:2:122016)
    at bs (https://carbondesignsystem.com/framework-ebf2d83c05b5c1f25420.js:2:109397)
    at vs (https://carbondesignsystem.com/framework-ebf2d83c05b5c1f25420.js:2:109325)
    at gs (https://carbondesignsystem.com/framework-ebf2d83c05b5c1f25420.js:2:109188)
    at ls (https://carbondesignsystem.com/framework-ebf2d83c05b5c1f25420.js:2:104351)
    at S (https://carbondesignsystem.com/framework-ebf2d83c05b5c1f25420.js:2:138370)
    at MessagePort.T (https://carbondesignsystem.com/framework-ebf2d83c05b5c1f25420.js:2:138902)
[ 2631039ms] Error: Minified React error #418; visit https://reactjs.org/docs/error-decoder.html?invariant=418 for the full message or use the non-minified dev environment for full errors and additional helpful warnings.
    at sa (https://carbondesignsystem.com/framework-ebf2d83c05b5c1f25420.js:2:49173)
    at xi (https://carbondesignsystem.com/framework-ebf2d83c05b5c1f25420.js:2:121839)
    at bs (https://carbondesignsystem.com/framework-ebf2d83c05b5c1f25420.js:2:109397)
    at vs (https://carbondesignsystem.com/framework-ebf2d83c05b5c1f25420.js:2:109325)
    at gs (https://carbondesignsystem.com/framework-ebf2d83c05b5c1f25420.js:2:109188)
    at ls (https://carbondesignsystem.com/framework-ebf2d83c05b5c1f25420.js:2:104351)
    at S (https://carbondesignsystem.com/framework-ebf2d83c05b5c1f25420.js:2:138370)
    at MessagePort.T (https://carbondesignsystem.com/framework-ebf2d83c05b5c1f25420.js:2:138902)
[ 2631039ms] Error: Minified React error #418; visit https://reactjs.org/docs/error-decoder.html?invariant=418 for the full message or use the non-minified dev environment for full errors and additional helpful warnings.
    at sa (https://carbondesignsystem.com/framework-ebf2d83c05b5c1f25420.js:2:49173)
    at xi (https://carbondesignsystem.com/framework-ebf2d83c05b5c1f25420.js:2:122016)
    at bs (https://carbondesignsystem.com/framework-ebf2d83c05b5c1f25420.js:2:109397)
    at vs (https://carbondesignsystem.com/framework-ebf2d83c05b5c1f25420.js:2:109325)
    at gs (https://carbondesignsystem.com/framework-ebf2d83c05b5c1f25420.js:2:109188)
    at ls (https://carbondesignsystem.com/framework-ebf2d83c05b5c1f25420.js:2:104351)
    at S (https://carbondesignsystem.com/framework-ebf2d83c05b5c1f25420.js:2:138370)
    at MessagePort.T (https://carbondesignsystem.com/framework-ebf2d83c05b5c1f25420.js:2:138902)
[ 2631039ms] Error: Minified React error #418; visit https://reactjs.org/docs/error-decoder.html?invariant=418 for the full message or use the non-minified dev environment for full errors and additional helpful warnings.
    at sa (https://carbondesignsystem.com/framework-ebf2d83c05b5c1f25420.js:2:49173)
    at xi (https://carbondesignsystem.com/framework-ebf2d83c05b5c1f25420.js:2:121839)
    at bs (https://carbondesignsystem.com/framework-ebf2d83c05b5c1f25420.js:2:109397)
    at vs (https://carbondesignsystem.com/framework-ebf2d83c05b5c1f25420.js:2:109325)
    at gs (https://carbondesignsystem.com/framework-ebf2d83c05b5c1f25420.js:2:109188)
    at ls (https://carbondesignsystem.com/framework-ebf2d83c05b5c1f25420.js:2:104351)
    at S (https://carbondesignsystem.com/framework-ebf2d83c05b5c1f25420.js:2:138370)
    at MessagePort.T (https://carbondesignsystem.com/framework-ebf2d83c05b5c1f25420.js:2:138902)
[ 2631039ms] Error: Minified React error #418; visit https://reactjs.org/docs/error-decoder.html?invariant=418 for the full message or use the non-minified dev environment for full errors and additional helpful warnings.
    at sa (https://carbondesignsystem.com/framework-ebf2d83c05b5c1f25420.js:2:49173)
    at xi (https://carbondesignsystem.com/framework-ebf2d83c05b5c1f25420.js:2:122016)
    at bs (https://carbondesignsystem.com/framework-ebf2d83c05b5c1f25420.js:2:109397)
    at vs (https://carbondesignsystem.com/framework-ebf2d83c05b5c1f25420.js:2:109325)
    at gs (https://carbondesignsystem.com/framework-ebf2d83c05b5c1f25420.js:2:109188)
    at ls (https://carbondesignsystem.com/framework-ebf2d83c05b5c1f25420.js:2:104351)
    at S (https://carbondesignsystem.com/framework-ebf2d83c05b5c1f25420.js:2:138370)
    at MessagePort.T (https://carbondesignsystem.com/framework-ebf2d83c05b5c1f25420.js:2:138902)
[ 2631039ms] Error: Minified React error #418; visit https://reactjs.org/docs/error-decoder.html?invariant=418 for the full message or use the non-minified dev environment for full errors and additional helpful warnings.
    at sa (https://carbondesignsystem.com/framework-ebf2d83c05b5c1f25420.js:2:49173)
    at xi (https://carbondesignsystem.com/framework-ebf2d83c05b5c1f25420.js:2:121839)
    at bs (https://carbondesignsystem.com/framework-ebf2d83c05b5c1f25420.js:2:109397)
    at vs (https://carbondesignsystem.com/framework-ebf2d83c05b5c1f25420.js:2:109325)
    at gs (https://carbondesignsystem.com/framework-ebf2d83c05b5c1f25420.js:2:109188)
    at ls (https://carbondesignsystem.com/framework-ebf2d83c05b5c1f25420.js:2:104351)
    at S (https://carbondesignsystem.com/framework-ebf2d83c05b5c1f25420.js:2:138370)
    at MessagePort.T (https://carbondesignsystem.com/framework-ebf2d83c05b5c1f25420.js:2:138902)
[ 2631039ms] Error: Minified React error #418; visit https://reactjs.org/docs/error-decoder.html?invariant=418 for the full message or use the non-minified dev environment for full errors and additional helpful warnings.
    at sa (https://carbondesignsystem.com/framework-ebf2d83c05b5c1f25420.js:2:49173)
    at xi (https://carbondesignsystem.com/framework-ebf2d83c05b5c1f25420.js:2:122016)
    at bs (https://carbondesignsystem.com/framework-ebf2d83c05b5c1f25420.js:2:109397)
    at vs (https://carbondesignsystem.com/framework-ebf2d83c05b5c1f25420.js:2:109325)
    at gs (https://carbondesignsystem.com/framework-ebf2d83c05b5c1f25420.js:2:109188)
    at ls (https://carbondesignsystem.com/framework-ebf2d83c05b5c1f25420.js:2:104351)
    at S (https://carbondesignsystem.com/framework-ebf2d83c05b5c1f25420.js:2:138370)
    at MessagePort.T (https://carbondesignsystem.com/framework-ebf2d83c05b5c1f25420.js:2:138902)
[ 2631039ms] Error: Minified React error #418; visit https://reactjs.org/docs/error-decoder.html?invariant=418 for the full message or use the non-minified dev environment for full errors and additional helpful warnings.
    at sa (https://carbondesignsystem.com/framework-ebf2d83c05b5c1f25420.js:2:49173)
    at xi (https://carbondesignsystem.com/framework-ebf2d83c05b5c1f25420.js:2:121839)
    at bs (https://carbondesignsystem.com/framework-ebf2d83c05b5c1f25420.js:2:109397)
    at vs (https://carbondesignsystem.com/framework-ebf2d83c05b5c1f25420.js:2:109325)
    at gs (https://carbondesignsystem.com/framework-ebf2d83c05b5c1f25420.js:2:109188)
    at ls (https://carbondesignsystem.com/framework-ebf2d83c05b5c1f25420.js:2:104351)
    at S (https://carbondesignsystem.com/framework-ebf2d83c05b5c1f25420.js:2:138370)
    at MessagePort.T (https://carbondesignsystem.com/framework-ebf2d83c05b5c1f25420.js:2:138902)
[ 2631039ms] Error: Minified React error #418; visit https://reactjs.org/docs/error-decoder.html?invariant=418 for the full message or use the non-minified dev environment for full errors and additional helpful warnings.
    at sa (https://carbondesignsystem.com/framework-ebf2d83c05b5c1f25420.js:2:49173)
    at xi (https://carbondesignsystem.com/framework-ebf2d83c05b5c1f25420.js:2:122016)
    at bs (https://carbondesignsystem.com/framework-ebf2d83c05b5c1f25420.js:2:109397)
    at vs (https://carbondesignsystem.com/framework-ebf2d83c05b5c1f25420.js:2:109325)
    at gs (https://carbondesignsystem.com/framework-ebf2d83c05b5c1f25420.js:2:109188)
    at ls (https://carbondesignsystem.com/framework-ebf2d83c05b5c1f25420.js:2:104351)
    at S (https://carbondesignsystem.com/framework-ebf2d83c05b5c1f25420.js:2:138370)
    at MessagePort.T (https://carbondesignsystem.com/framework-ebf2d83c05b5c1f25420.js:2:138902)
[ 2631039ms] Error: Minified React error #418; visit https://reactjs.org/docs/error-decoder.html?invariant=418 for the full message or use the non-minified dev environment for full errors and additional helpful warnings.
    at sa (https://carbondesignsystem.com/framework-ebf2d83c05b5c1f25420.js:2:49173)
    at xi (https://carbondesignsystem.com/framework-ebf2d83c05b5c1f25420.js:2:121839)
    at bs (https://carbondesignsystem.com/framework-ebf2d83c05b5c1f25420.js:2:109397)
    at vs (https://carbondesignsystem.com/framework-ebf2d83c05b5c1f25420.js:2:109325)
    at gs (https://carbondesignsystem.com/framework-ebf2d83c05b5c1f25420.js:2:109188)
    at ls (https://carbondesignsystem.com/framework-ebf2d83c05b5c1f25420.js:2:104351)
    at S (https://carbondesignsystem.com/framework-ebf2d83c05b5c1f25420.js:2:138370)
    at MessagePort.T (https://carbondesignsystem.com/framework-ebf2d83c05b5c1f25420.js:2:138902)
[ 2631040ms] Error: Minified React error #418; visit https://reactjs.org/docs/error-decoder.html?invariant=418 for the full message or use the non-minified dev environment for full errors and additional helpful warnings.
    at sa (https://carbondesignsystem.com/framework-ebf2d83c05b5c1f25420.js:2:49173)
    at xi (https://carbondesignsystem.com/framework-ebf2d83c05b5c1f25420.js:2:122016)
    at bs (https://carbondesignsystem.com/framework-ebf2d83c05b5c1f25420.js:2:109397)
    at vs (https://carbondesignsystem.com/framework-ebf2d83c05b5c1f25420.js:2:109325)
    at gs (https://carbondesignsystem.com/framework-ebf2d83c05b5c1f25420.js:2:109188)
    at ls (https://carbondesignsystem.com/framework-ebf2d83c05b5c1f25420.js:2:104351)
    at S (https://carbondesignsystem.com/framework-ebf2d83c05b5c1f25420.js:2:138370)
    at MessagePort.T (https://carbondesignsystem.com/framework-ebf2d83c05b5c1f25420.js:2:138902)
[ 2631040ms] Error: Minified React error #418; visit https://reactjs.org/docs/error-decoder.html?invariant=418 for the full message or use the non-minified dev environment for full errors and additional helpful warnings.
    at sa (https://carbondesignsystem.com/framework-ebf2d83c05b5c1f25420.js:2:49173)
    at xi (https://carbondesignsystem.com/framework-ebf2d83c05b5c1f25420.js:2:121839)
    at bs (https://carbondesignsystem.com/framework-ebf2d83c05b5c1f25420.js:2:109397)
    at vs (https://carbondesignsystem.com/framework-ebf2d83c05b5c1f25420.js:2:109325)
    at gs (https://carbondesignsystem.com/framework-ebf2d83c05b5c1f25420.js:2:109188)
    at ls (https://carbondesignsystem.com/framework-ebf2d83c05b5c1f25420.js:2:104351)
    at S (https://carbondesignsystem.com/framework-ebf2d83c05b5c1f25420.js:2:138370)
    at MessagePort.T (https://carbondesignsystem.com/framework-ebf2d83c05b5c1f25420.js:2:138902)
[ 2631040ms] Error: Minified React error #418; visit https://reactjs.org/docs/error-decoder.html?invariant=418 for the full message or use the non-minified dev environment for full errors and additional helpful warnings.
    at sa (https://carbondesignsystem.com/framework-ebf2d83c05b5c1f25420.js:2:49173)
    at xi (https://carbondesignsystem.com/framework-ebf2d83c05b5c1f25420.js:2:122016)
    at bs (https://carbondesignsystem.com/framework-ebf2d83c05b5c1f25420.js:2:109397)
    at vs (https://carbondesignsystem.com/framework-ebf2d83c05b5c1f25420.js:2:109325)
    at gs (https://carbondesignsystem.com/framework-ebf2d83c05b5c1f25420.js:2:109188)
    at ls (https://carbondesignsystem.com/framework-ebf2d83c05b5c1f25420.js:2:104351)
    at S (https://carbondesignsystem.com/framework-ebf2d83c05b5c1f25420.js:2:138370)
    at MessagePort.T (https://carbondesignsystem.com/framework-ebf2d83c05b5c1f25420.js:2:138902)
[ 2631040ms] Error: Minified React error #418; visit https://reactjs.org/docs/error-decoder.html?invariant=418 for the full message or use the non-minified dev environment for full errors and additional helpful warnings.
    at sa (https://carbondesignsystem.com/framework-ebf2d83c05b5c1f25420.js:2:49173)
    at xi (https://carbondesignsystem.com/framework-ebf2d83c05b5c1f25420.js:2:121839)
    at bs (https://carbondesignsystem.com/framework-ebf2d83c05b5c1f25420.js:2:109397)
    at vs (https://carbondesignsystem.com/framework-ebf2d83c05b5c1f25420.js:2:109325)
    at gs (https://carbondesignsystem.com/framework-ebf2d83c05b5c1f25420.js:2:109188)
    at ls (https://carbondesignsystem.com/framework-ebf2d83c05b5c1f25420.js:2:104351)
    at S (https://carbondesignsystem.com/framework-ebf2d83c05b5c1f25420.js:2:138370)
    at MessagePort.T (https://carbondesignsystem.com/framework-ebf2d83c05b5c1f25420.js:2:138902)
[ 2631040ms] Error: Minified React error #418; visit https://reactjs.org/docs/error-decoder.html?invariant=418 for the full message or use the non-minified dev environment for full errors and additional helpful warnings.
    at sa (https://carbondesignsystem.com/framework-ebf2d83c05b5c1f25420.js:2:49173)
    at xi (https://carbondesignsystem.com/framework-ebf2d83c05b5c1f25420.js:2:122016)
    at bs (https://carbondesignsystem.com/framework-ebf2d83c05b5c1f25420.js:2:109397)
    at vs (https://carbondesignsystem.com/framework-ebf2d83c05b5c1f25420.js:2:109325)
    at gs (https://carbondesignsystem.com/framework-ebf2d83c05b5c1f25420.js:2:109188)
    at ls (https://carbondesignsystem.com/framework-ebf2d83c05b5c1f25420.js:2:104351)
    at S (https://carbondesignsystem.com/framework-ebf2d83c05b5c1f25420.js:2:138370)
    at MessagePort.T (https://carbondesignsystem.com/framework-ebf2d83c05b5c1f25420.js:2:138902)
[ 2631040ms] Error: Minified React error #418; visit https://reactjs.org/docs/error-decoder.html?invariant=418 for the full message or use the non-minified dev environment for full errors and additional helpful warnings.
    at sa (https://carbondesignsystem.com/framework-ebf2d83c05b5c1f25420.js:2:49173)
    at xi (https://carbondesignsystem.com/framework-ebf2d83c05b5c1f25420.js:2:121839)
    at bs (https://carbondesignsystem.com/framework-ebf2d83c05b5c1f25420.js:2:109397)
    at vs (https://carbondesignsystem.com/framework-ebf2d83c05b5c1f25420.js:2:109325)
    at gs (https://carbondesignsystem.com/framework-ebf2d83c05b5c1f25420.js:2:109188)
    at ls (https://carbondesignsystem.com/framework-ebf2d83c05b5c1f25420.js:2:104351)
    at S (https://carbondesignsystem.com/framework-ebf2d83c05b5c1f25420.js:2:138370)
    at MessagePort.T (https://carbondesignsystem.com/framework-ebf2d83c05b5c1f25420.js:2:138902)
[ 2631040ms] Error: Minified React error #418; visit https://reactjs.org/docs/error-decoder.html?invariant=418 for the full message or use the non-minified dev environment for full errors and additional helpful warnings.
    at sa (https://carbondesignsystem.com/framework-ebf2d83c05b5c1f25420.js:2:49173)
    at xi (https://carbondesignsystem.com/framework-ebf2d83c05b5c1f25420.js:2:122016)
    at bs (https://carbondesignsystem.com/framework-ebf2d83c05b5c1f25420.js:2:109397)
    at vs (https://carbondesignsystem.com/framework-ebf2d83c05b5c1f25420.js:2:109325)
    at gs (https://carbondesignsystem.com/framework-ebf2d83c05b5c1f25420.js:2:109188)
    at ls (https://carbondesignsystem.com/framework-ebf2d83c05b5c1f25420.js:2:104351)
    at S (https://carbondesignsystem.com/framework-ebf2d83c05b5c1f25420.js:2:138370)
    at MessagePort.T (https://carbondesignsystem.com/framework-ebf2d83c05b5c1f25420.js:2:138902)
[ 2631040ms] Error: Minified React error #418; visit https://reactjs.org/docs/error-decoder.html?invariant=418 for the full message or use the non-minified dev environment for full errors and additional helpful warnings.
    at sa (https://carbondesignsystem.com/framework-ebf2d83c05b5c1f25420.js:2:49173)
    at xi (https://carbondesignsystem.com/framework-ebf2d83c05b5c1f25420.js:2:121839)
    at bs (https://carbondesignsystem.com/framework-ebf2d83c05b5c1f25420.js:2:109397)
    at vs (https://carbondesignsystem.com/framework-ebf2d83c05b5c1f25420.js:2:109325)
    at gs (https://carbondesignsystem.com/framework-ebf2d83c05b5c1f25420.js:2:109188)
    at ls (https://carbondesignsystem.com/framework-ebf2d83c05b5c1f25420.js:2:104351)
    at S (https://carbondesignsystem.com/framework-ebf2d83c05b5c1f25420.js:2:138370)
    at MessagePort.T (https://carbondesignsystem.com/framework-ebf2d83c05b5c1f25420.js:2:138902)
[ 2631040ms] Error: Minified React error #418; visit https://reactjs.org/docs/error-decoder.html?invariant=418 for the full message or use the non-minified dev environment for full errors and additional helpful warnings.
    at sa (https://carbondesignsystem.com/framework-ebf2d83c05b5c1f25420.js:2:49173)
    at xi (https://carbondesignsystem.com/framework-ebf2d83c05b5c1f25420.js:2:122016)
    at bs (https://carbondesignsystem.com/framework-ebf2d83c05b5c1f25420.js:2:109397)
    at vs (https://carbondesignsystem.com/framework-ebf2d83c05b5c1f25420.js:2:109325)
    at gs (https://carbondesignsystem.com/framework-ebf2d83c05b5c1f25420.js:2:109188)
    at ls (https://carbondesignsystem.com/framework-ebf2d83c05b5c1f25420.js:2:104351)
    at S (https://carbondesignsystem.com/framework-ebf2d83c05b5c1f25420.js:2:138370)
    at MessagePort.T (https://carbondesignsystem.com/framework-ebf2d83c05b5c1f25420.js:2:138902)
[ 2631040ms] Error: Minified React error #418; visit https://reactjs.org/docs/error-decoder.html?invariant=418 for the full message or use the non-minified dev environment for full errors and additional helpful warnings.
    at sa (https://carbondesignsystem.com/framework-ebf2d83c05b5c1f25420.js:2:49173)
    at xi (https://carbondesignsystem.com/framework-ebf2d83c05b5c1f25420.js:2:121839)
    at bs (https://carbondesignsystem.com/framework-ebf2d83c05b5c1f25420.js:2:109397)
    at vs (https://carbondesignsystem.com/framework-ebf2d83c05b5c1f25420.js:2:109325)
    at gs (https://carbondesignsystem.com/framework-ebf2d83c05b5c1f25420.js:2:109188)
    at ls (https://carbondesignsystem.com/framework-ebf2d83c05b5c1f25420.js:2:104351)
    at S (https://carbondesignsystem.com/framework-ebf2d83c05b5c1f25420.js:2:138370)
    at MessagePort.T (https://carbondesignsystem.com/framework-ebf2d83c05b5c1f25420.js:2:138902)
[ 2631040ms] Error: Minified React error #418; visit https://reactjs.org/docs/error-decoder.html?invariant=418 for the full message or use the non-minified dev environment for full errors and additional helpful warnings.
    at sa (https://carbondesignsystem.com/framework-ebf2d83c05b5c1f25420.js:2:49173)
    at xi (https://carbondesignsystem.com/framework-ebf2d83c05b5c1f25420.js:2:122016)
    at bs (https://carbondesignsystem.com/framework-ebf2d83c05b5c1f25420.js:2:109397)
    at vs (https://carbondesignsystem.com/framework-ebf2d83c05b5c1f25420.js:2:109325)
    at gs (https://carbondesignsystem.com/framework-ebf2d83c05b5c1f25420.js:2:109188)
    at ls (https://carbondesignsystem.com/framework-ebf2d83c05b5c1f25420.js:2:104351)
    at S (https://carbondesignsystem.com/framework-ebf2d83c05b5c1f25420.js:2:138370)
    at MessagePort.T (https://carbondesignsystem.com/framework-ebf2d83c05b5c1f25420.js:2:138902)
[ 2631040ms] Error: Minified React error #418; visit https://reactjs.org/docs/error-decoder.html?invariant=418 for the full message or use the non-minified dev environment for full errors and additional helpful warnings.
    at sa (https://carbondesignsystem.com/framework-ebf2d83c05b5c1f25420.js:2:49173)
    at xi (https://carbondesignsystem.com/framework-ebf2d83c05b5c1f25420.js:2:121839)
    at bs (https://carbondesignsystem.com/framework-ebf2d83c05b5c1f25420.js:2:109397)
    at vs (https://carbondesignsystem.com/framework-ebf2d83c05b5c1f25420.js:2:109325)
    at gs (https://carbondesignsystem.com/framework-ebf2d83c05b5c1f25420.js:2:109188)
    at ls (https://carbondesignsystem.com/framework-ebf2d83c05b5c1f25420.js:2:104351)
    at S (https://carbondesignsystem.com/framework-ebf2d83c05b5c1f25420.js:2:138370)
    at MessagePort.T (https://carbondesignsystem.com/framework-ebf2d83c05b5c1f25420.js:2:138902)
[ 2631040ms] Error: Minified React error #418; visit https://reactjs.org/docs/error-decoder.html?invariant=418 for the full message or use the non-minified dev environment for full errors and additional helpful warnings.
    at sa (https://carbondesignsystem.com/framework-ebf2d83c05b5c1f25420.js:2:49173)
    at xi (https://carbondesignsystem.com/framework-ebf2d83c05b5c1f25420.js:2:122016)
    at bs (https://carbondesignsystem.com/framework-ebf2d83c05b5c1f25420.js:2:109397)
    at vs (https://carbondesignsystem.com/framework-ebf2d83c05b5c1f25420.js:2:109325)
    at gs (https://carbondesignsystem.com/framework-ebf2d83c05b5c1f25420.js:2:109188)
    at ls (https://carbondesignsystem.com/framework-ebf2d83c05b5c1f25420.js:2:104351)
    at S (https://carbondesignsystem.com/framework-ebf2d83c05b5c1f25420.js:2:138370)
    at MessagePort.T (https://carbondesignsystem.com/framework-ebf2d83c05b5c1f25420.js:2:138902)
[ 2631040ms] Error: Minified React error #418; visit https://reactjs.org/docs/error-decoder.html?invariant=418 for the full message or use the non-minified dev environment for full errors and additional helpful warnings.
    at sa (https://carbondesignsystem.com/framework-ebf2d83c05b5c1f25420.js:2:49173)
    at xi (https://carbondesignsystem.com/framework-ebf2d83c05b5c1f25420.js:2:121839)
    at bs (https://carbondesignsystem.com/framework-ebf2d83c05b5c1f25420.js:2:109397)
    at vs (https://carbondesignsystem.com/framework-ebf2d83c05b5c1f25420.js:2:109325)
    at gs (https://carbondesignsystem.com/framework-ebf2d83c05b5c1f25420.js:2:109188)
    at ls (https://carbondesignsystem.com/framework-ebf2d83c05b5c1f25420.js:2:104351)
    at S (https://carbondesignsystem.com/framework-ebf2d83c05b5c1f25420.js:2:138370)
    at MessagePort.T (https://carbondesignsystem.com/framework-ebf2d83c05b5c1f25420.js:2:138902)
[ 2631040ms] Error: Minified React error #418; visit https://reactjs.org/docs/error-decoder.html?invariant=418 for the full message or use the non-minified dev environment for full errors and additional helpful warnings.
    at sa (https://carbondesignsystem.com/framework-ebf2d83c05b5c1f25420.js:2:49173)
    at xi (https://carbondesignsystem.com/framework-ebf2d83c05b5c1f25420.js:2:122016)
    at bs (https://carbondesignsystem.com/framework-ebf2d83c05b5c1f25420.js:2:109397)
    at vs (https://carbondesignsystem.com/framework-ebf2d83c05b5c1f25420.js:2:109325)
    at gs (https://carbondesignsystem.com/framework-ebf2d83c05b5c1f25420.js:2:109188)
    at ls (https://carbondesignsystem.com/framework-ebf2d83c05b5c1f25420.js:2:104351)
    at S (https://carbondesignsystem.com/framework-ebf2d83c05b5c1f25420.js:2:138370)
    at MessagePort.T (https://carbondesignsystem.com/framework-ebf2d83c05b5c1f25420.js:2:138902)
[ 2631040ms] Error: Minified React error #418; visit https://reactjs.org/docs/error-decoder.html?invariant=418 for the full message or use the non-minified dev environment for full errors and additional helpful warnings.
    at sa (https://carbondesignsystem.com/framework-ebf2d83c05b5c1f25420.js:2:49173)
    at xi (https://carbondesignsystem.com/framework-ebf2d83c05b5c1f25420.js:2:121839)
    at bs (https://carbondesignsystem.com/framework-ebf2d83c05b5c1f25420.js:2:109397)
    at vs (https://carbondesignsystem.com/framework-ebf2d83c05b5c1f25420.js:2:109325)
    at gs (https://carbondesignsystem.com/framework-ebf2d83c05b5c1f25420.js:2:109188)
    at ls (https://carbondesignsystem.com/framework-ebf2d83c05b5c1f25420.js:2:104351)
    at S (https://carbondesignsystem.com/framework-ebf2d83c05b5c1f25420.js:2:138370)
    at MessagePort.T (https://carbondesignsystem.com/framework-ebf2d83c05b5c1f25420.js:2:138902)
[ 2631040ms] Error: Minified React error #418; visit https://reactjs.org/docs/error-decoder.html?invariant=418 for the full message or use the non-minified dev environment for full errors and additional helpful warnings.
    at sa (https://carbondesignsystem.com/framework-ebf2d83c05b5c1f25420.js:2:49173)
    at xi (https://carbondesignsystem.com/framework-ebf2d83c05b5c1f25420.js:2:122016)
    at bs (https://carbondesignsystem.com/framework-ebf2d83c05b5c1f25420.js:2:109397)
    at vs (https://carbondesignsystem.com/framework-ebf2d83c05b5c1f25420.js:2:109325)
    at gs (https://carbondesignsystem.com/framework-ebf2d83c05b5c1f25420.js:2:109188)
    at ls (https://carbondesignsystem.com/framework-ebf2d83c05b5c1f25420.js:2:104351)
    at S (https://carbondesignsystem.com/framework-ebf2d83c05b5c1f25420.js:2:138370)
    at MessagePort.T (https://carbondesignsystem.com/framework-ebf2d83c05b5c1f25420.js:2:138902)
[ 2631041ms] Error: Minified React error #418; visit https://reactjs.org/docs/error-decoder.html?invariant=418 for the full message or use the non-minified dev environment for full errors and additional helpful warnings.
    at sa (https://carbondesignsystem.com/framework-ebf2d83c05b5c1f25420.js:2:49173)
    at xi (https://carbondesignsystem.com/framework-ebf2d83c05b5c1f25420.js:2:121839)
    at bs (https://carbondesignsystem.com/framework-ebf2d83c05b5c1f25420.js:2:109397)
    at vs (https://carbondesignsystem.com/framework-ebf2d83c05b5c1f25420.js:2:109325)
    at gs (https://carbondesignsystem.com/framework-ebf2d83c05b5c1f25420.js:2:109188)
    at ls (https://carbondesignsystem.com/framework-ebf2d83c05b5c1f25420.js:2:104351)
    at S (https://carbondesignsystem.com/framework-ebf2d83c05b5c1f25420.js:2:138370)
    at MessagePort.T (https://carbondesignsystem.com/framework-ebf2d83c05b5c1f25420.js:2:138902)
[ 2631041ms] Error: Minified React error #418; visit https://reactjs.org/docs/error-decoder.html?invariant=418 for the full message or use the non-minified dev environment for full errors and additional helpful warnings.
    at sa (https://carbondesignsystem.com/framework-ebf2d83c05b5c1f25420.js:2:49173)
    at xi (https://carbondesignsystem.com/framework-ebf2d83c05b5c1f25420.js:2:122016)
    at bs (https://carbondesignsystem.com/framework-ebf2d83c05b5c1f25420.js:2:109397)
    at vs (https://carbondesignsystem.com/framework-ebf2d83c05b5c1f25420.js:2:109325)
    at gs (https://carbondesignsystem.com/framework-ebf2d83c05b5c1f25420.js:2:109188)
    at ls (https://carbondesignsystem.com/framework-ebf2d83c05b5c1f25420.js:2:104351)
    at S (https://carbondesignsystem.com/framework-ebf2d83c05b5c1f25420.js:2:138370)
    at MessagePort.T (https://carbondesignsystem.com/framework-ebf2d83c05b5c1f25420.js:2:138902)
[ 2631041ms] Error: Minified React error #418; visit https://reactjs.org/docs/error-decoder.html?invariant=418 for the full message or use the non-minified dev environment for full errors and additional helpful warnings.
    at sa (https://carbondesignsystem.com/framework-ebf2d83c05b5c1f25420.js:2:49173)
    at xi (https://carbondesignsystem.com/framework-ebf2d83c05b5c1f25420.js:2:121839)
    at bs (https://carbondesignsystem.com/framework-ebf2d83c05b5c1f25420.js:2:109397)
    at vs (https://carbondesignsystem.com/framework-ebf2d83c05b5c1f25420.js:2:109325)
    at gs (https://carbondesignsystem.com/framework-ebf2d83c05b5c1f25420.js:2:109188)
    at ls (https://carbondesignsystem.com/framework-ebf2d83c05b5c1f25420.js:2:104351)
    at S (https://carbondesignsystem.com/framework-ebf2d83c05b5c1f25420.js:2:138370)
    at MessagePort.T (https://carbondesignsystem.com/framework-ebf2d83c05b5c1f25420.js:2:138902)
[ 2631041ms] Error: Minified React error #418; visit https://reactjs.org/docs/error-decoder.html?invariant=418 for the full message or use the non-minified dev environment for full errors and additional helpful warnings.
    at sa (https://carbondesignsystem.com/framework-ebf2d83c05b5c1f25420.js:2:49173)
    at xi (https://carbondesignsystem.com/framework-ebf2d83c05b5c1f25420.js:2:122016)
    at bs (https://carbondesignsystem.com/framework-ebf2d83c05b5c1f25420.js:2:109397)
    at vs (https://carbondesignsystem.com/framework-ebf2d83c05b5c1f25420.js:2:109325)
    at gs (https://carbondesignsystem.com/framework-ebf2d83c05b5c1f25420.js:2:109188)
    at ls (https://carbondesignsystem.com/framework-ebf2d83c05b5c1f25420.js:2:104351)
    at S (https://carbondesignsystem.com/framework-ebf2d83c05b5c1f25420.js:2:138370)
    at MessagePort.T (https://carbondesignsystem.com/framework-ebf2d83c05b5c1f25420.js:2:138902)
[ 2631041ms] Error: Minified React error #418; visit https://reactjs.org/docs/error-decoder.html?invariant=418 for the full message or use the non-minified dev environment for full errors and additional helpful warnings.
    at sa (https://carbondesignsystem.com/framework-ebf2d83c05b5c1f25420.js:2:49173)
    at xi (https://carbondesignsystem.com/framework-ebf2d83c05b5c1f25420.js:2:121839)
    at bs (https://carbondesignsystem.com/framework-ebf2d83c05b5c1f25420.js:2:109397)
    at vs (https://carbondesignsystem.com/framework-ebf2d83c05b5c1f25420.js:2:109325)
    at gs (https://carbondesignsystem.com/framework-ebf2d83c05b5c1f25420.js:2:109188)
    at ls (https://carbondesignsystem.com/framework-ebf2d83c05b5c1f25420.js:2:104351)
    at S (https://carbondesignsystem.com/framework-ebf2d83c05b5c1f25420.js:2:138370)
    at MessagePort.T (https://carbondesignsystem.com/framework-ebf2d83c05b5c1f25420.js:2:138902)
[ 2631041ms] Error: Minified React error #418; visit https://reactjs.org/docs/error-decoder.html?invariant=418 for the full message or use the non-minified dev environment for full errors and additional helpful warnings.
    at sa (https://carbondesignsystem.com/framework-ebf2d83c05b5c1f25420.js:2:49173)
    at xi (https://carbondesignsystem.com/framework-ebf2d83c05b5c1f25420.js:2:122016)
    at bs (https://carbondesignsystem.com/framework-ebf2d83c05b5c1f25420.js:2:109397)
    at vs (https://carbondesignsystem.com/framework-ebf2d83c05b5c1f25420.js:2:109325)
    at gs (https://carbondesignsystem.com/framework-ebf2d83c05b5c1f25420.js:2:109188)
    at ls (https://carbondesignsystem.com/framework-ebf2d83c05b5c1f25420.js:2:104351)
    at S (https://carbondesignsystem.com/framework-ebf2d83c05b5c1f25420.js:2:138370)
    at MessagePort.T (https://carbondesignsystem.com/framework-ebf2d83c05b5c1f25420.js:2:138902)
[ 2631041ms] Error: Minified React error #418; visit https://reactjs.org/docs/error-decoder.html?invariant=418 for the full message or use the non-minified dev environment for full errors and additional helpful warnings.
    at sa (https://carbondesignsystem.com/framework-ebf2d83c05b5c1f25420.js:2:49173)
    at xi (https://carbondesignsystem.com/framework-ebf2d83c05b5c1f25420.js:2:121839)
    at bs (https://carbondesignsystem.com/framework-ebf2d83c05b5c1f25420.js:2:109397)
    at vs (https://carbondesignsystem.com/framework-ebf2d83c05b5c1f25420.js:2:109325)
    at gs (https://carbondesignsystem.com/framework-ebf2d83c05b5c1f25420.js:2:109188)
    at ls (https://carbondesignsystem.com/framework-ebf2d83c05b5c1f25420.js:2:104351)
    at S (https://carbondesignsystem.com/framework-ebf2d83c05b5c1f25420.js:2:138370)
    at MessagePort.T (https://carbondesignsystem.com/framework-ebf2d83c05b5c1f25420.js:2:138902)
[ 2631041ms] Error: Minified React error #418; visit https://reactjs.org/docs/error-decoder.html?invariant=418 for the full message or use the non-minified dev environment for full errors and additional helpful warnings.
    at sa (https://carbondesignsystem.com/framework-ebf2d83c05b5c1f25420.js:2:49173)
    at xi (https://carbondesignsystem.com/framework-ebf2d83c05b5c1f25420.js:2:122016)
    at bs (https://carbondesignsystem.com/framework-ebf2d83c05b5c1f25420.js:2:109397)
    at vs (https://carbondesignsystem.com/framework-ebf2d83c05b5c1f25420.js:2:109325)
    at gs (https://carbondesignsystem.com/framework-ebf2d83c05b5c1f25420.js:2:109188)
    at ls (https://carbondesignsystem.com/framework-ebf2d83c05b5c1f25420.js:2:104351)
    at S (https://carbondesignsystem.com/framework-ebf2d83c05b5c1f25420.js:2:138370)
    at MessagePort.T (https://carbondesignsystem.com/framework-ebf2d83c05b5c1f25420.js:2:138902)
[ 2631041ms] Error: Minified React error #418; visit https://reactjs.org/docs/error-decoder.html?invariant=418 for the full message or use the non-minified dev environment for full errors and additional helpful warnings.
    at sa (https://carbondesignsystem.com/framework-ebf2d83c05b5c1f25420.js:2:49173)
    at xi (https://carbondesignsystem.com/framework-ebf2d83c05b5c1f25420.js:2:121839)
    at bs (https://carbondesignsystem.com/framework-ebf2d83c05b5c1f25420.js:2:109397)
    at vs (https://carbondesignsystem.com/framework-ebf2d83c05b5c1f25420.js:2:109325)
    at gs (https://carbondesignsystem.com/framework-ebf2d83c05b5c1f25420.js:2:109188)
    at ls (https://carbondesignsystem.com/framework-ebf2d83c05b5c1f25420.js:2:104351)
    at S (https://carbondesignsystem.com/framework-ebf2d83c05b5c1f25420.js:2:138370)
    at MessagePort.T (https://carbondesignsystem.com/framework-ebf2d83c05b5c1f25420.js:2:138902)
[ 2631041ms] Error: Minified React error #418; visit https://reactjs.org/docs/error-decoder.html?invariant=418 for the full message or use the non-minified dev environment for full errors and additional helpful warnings.
    at sa (https://carbondesignsystem.com/framework-ebf2d83c05b5c1f25420.js:2:49173)
    at xi (https://carbondesignsystem.com/framework-ebf2d83c05b5c1f25420.js:2:122016)
    at bs (https://carbondesignsystem.com/framework-ebf2d83c05b5c1f25420.js:2:109397)
    at vs (https://carbondesignsystem.com/framework-ebf2d83c05b5c1f25420.js:2:109325)
    at gs (https://carbondesignsystem.com/framework-ebf2d83c05b5c1f25420.js:2:109188)
    at ls (https://carbondesignsystem.com/framework-ebf2d83c05b5c1f25420.js:2:104351)
    at S (https://carbondesignsystem.com/framework-ebf2d83c05b5c1f25420.js:2:138370)
    at MessagePort.T (https://carbondesignsystem.com/framework-ebf2d83c05b5c1f25420.js:2:138902)
[ 2631041ms] Error: Minified React error #418; visit https://reactjs.org/docs/error-decoder.html?invariant=418 for the full message or use the non-minified dev environment for full errors and additional helpful warnings.
    at sa (https://carbondesignsystem.com/framework-ebf2d83c05b5c1f25420.js:2:49173)
    at xi (https://carbondesignsystem.com/framework-ebf2d83c05b5c1f25420.js:2:121839)
    at bs (https://carbondesignsystem.com/framework-ebf2d83c05b5c1f25420.js:2:109397)
    at vs (https://carbondesignsystem.com/framework-ebf2d83c05b5c1f25420.js:2:109325)
    at gs (https://carbondesignsystem.com/framework-ebf2d83c05b5c1f25420.js:2:109188)
    at ls (https://carbondesignsystem.com/framework-ebf2d83c05b5c1f25420.js:2:104351)
    at S (https://carbondesignsystem.com/framework-ebf2d83c05b5c1f25420.js:2:138370)
    at MessagePort.T (https://carbondesignsystem.com/framework-ebf2d83c05b5c1f25420.js:2:138902)
[ 2631041ms] Error: Minified React error #418; visit https://reactjs.org/docs/error-decoder.html?invariant=418 for the full message or use the non-minified dev environment for full errors and additional helpful warnings.
    at sa (https://carbondesignsystem.com/framework-ebf2d83c05b5c1f25420.js:2:49173)
    at xi (https://carbondesignsystem.com/framework-ebf2d83c05b5c1f25420.js:2:122016)
    at bs (https://carbondesignsystem.com/framework-ebf2d83c05b5c1f25420.js:2:109397)
    at vs (https://carbondesignsystem.com/framework-ebf2d83c05b5c1f25420.js:2:109325)
    at gs (https://carbondesignsystem.com/framework-ebf2d83c05b5c1f25420.js:2:109188)
    at ls (https://carbondesignsystem.com/framework-ebf2d83c05b5c1f25420.js:2:104351)
    at S (https://carbondesignsystem.com/framework-ebf2d83c05b5c1f25420.js:2:138370)
    at MessagePort.T (https://carbondesignsystem.com/framework-ebf2d83c05b5c1f25420.js:2:138902)
[ 2631041ms] Error: Minified React error #418; visit https://reactjs.org/docs/error-decoder.html?invariant=418 for the full message or use the non-minified dev environment for full errors and additional helpful warnings.
    at sa (https://carbondesignsystem.com/framework-ebf2d83c05b5c1f25420.js:2:49173)
    at xi (https://carbondesignsystem.com/framework-ebf2d83c05b5c1f25420.js:2:121839)
    at bs (https://carbondesignsystem.com/framework-ebf2d83c05b5c1f25420.js:2:109397)
    at vs (https://carbondesignsystem.com/framework-ebf2d83c05b5c1f25420.js:2:109325)
    at gs (https://carbondesignsystem.com/framework-ebf2d83c05b5c1f25420.js:2:109188)
    at ls (https://carbondesignsystem.com/framework-ebf2d83c05b5c1f25420.js:2:104351)
    at S (https://carbondesignsystem.com/framework-ebf2d83c05b5c1f25420.js:2:138370)
    at MessagePort.T (https://carbondesignsystem.com/framework-ebf2d83c05b5c1f25420.js:2:138902)
[ 2631041ms] Error: Minified React error #418; visit https://reactjs.org/docs/error-decoder.html?invariant=418 for the full message or use the non-minified dev environment for full errors and additional helpful warnings.
    at sa (https://carbondesignsystem.com/framework-ebf2d83c05b5c1f25420.js:2:49173)
    at xi (https://carbondesignsystem.com/framework-ebf2d83c05b5c1f25420.js:2:122016)
    at bs (https://carbondesignsystem.com/framework-ebf2d83c05b5c1f25420.js:2:109397)
    at vs (https://carbondesignsystem.com/framework-ebf2d83c05b5c1f25420.js:2:109325)
    at gs (https://carbondesignsystem.com/framework-ebf2d83c05b5c1f25420.js:2:109188)
    at ls (https://carbondesignsystem.com/framework-ebf2d83c05b5c1f25420.js:2:104351)
    at S (https://carbondesignsystem.com/framework-ebf2d83c05b5c1f25420.js:2:138370)
    at MessagePort.T (https://carbondesignsystem.com/framework-ebf2d83c05b5c1f25420.js:2:138902)
[ 2631041ms] Error: Minified React error #418; visit https://reactjs.org/docs/error-decoder.html?invariant=418 for the full message or use the non-minified dev environment for full errors and additional helpful warnings.
    at sa (https://carbondesignsystem.com/framework-ebf2d83c05b5c1f25420.js:2:49173)
    at xi (https://carbondesignsystem.com/framework-ebf2d83c05b5c1f25420.js:2:121839)
    at bs (https://carbondesignsystem.com/framework-ebf2d83c05b5c1f25420.js:2:109397)
    at vs (https://carbondesignsystem.com/framework-ebf2d83c05b5c1f25420.js:2:109325)
    at gs (https://carbondesignsystem.com/framework-ebf2d83c05b5c1f25420.js:2:109188)
    at ls (https://carbondesignsystem.com/framework-ebf2d83c05b5c1f25420.js:2:104351)
    at S (https://carbondesignsystem.com/framework-ebf2d83c05b5c1f25420.js:2:138370)
    at MessagePort.T (https://carbondesignsystem.com/framework-ebf2d83c05b5c1f25420.js:2:138902)
[ 2631041ms] Error: Minified React error #418; visit https://reactjs.org/docs/error-decoder.html?invariant=418 for the full message or use the non-minified dev environment for full errors and additional helpful warnings.
    at sa (https://carbondesignsystem.com/framework-ebf2d83c05b5c1f25420.js:2:49173)
    at xi (https://carbondesignsystem.com/framework-ebf2d83c05b5c1f25420.js:2:122016)
    at bs (https://carbondesignsystem.com/framework-ebf2d83c05b5c1f25420.js:2:109397)
    at vs (https://carbondesignsystem.com/framework-ebf2d83c05b5c1f25420.js:2:109325)
    at gs (https://carbondesignsystem.com/framework-ebf2d83c05b5c1f25420.js:2:109188)
    at ls (https://carbondesignsystem.com/framework-ebf2d83c05b5c1f25420.js:2:104351)
    at S (https://carbondesignsystem.com/framework-ebf2d83c05b5c1f25420.js:2:138370)
    at MessagePort.T (https://carbondesignsystem.com/framework-ebf2d83c05b5c1f25420.js:2:138902)
[ 2631041ms] Error: Minified React error #418; visit https://reactjs.org/docs/error-decoder.html?invariant=418 for the full message or use the non-minified dev environment for full errors and additional helpful warnings.
    at sa (https://carbondesignsystem.com/framework-ebf2d83c05b5c1f25420.js:2:49173)
    at xi (https://carbondesignsystem.com/framework-ebf2d83c05b5c1f25420.js:2:121839)
    at bs (https://carbondesignsystem.com/framework-ebf2d83c05b5c1f25420.js:2:109397)
    at vs (https://carbondesignsystem.com/framework-ebf2d83c05b5c1f25420.js:2:109325)
    at gs (https://carbondesignsystem.com/framework-ebf2d83c05b5c1f25420.js:2:109188)
    at ls (https://carbondesignsystem.com/framework-ebf2d83c05b5c1f25420.js:2:104351)
    at S (https://carbondesignsystem.com/framework-ebf2d83c05b5c1f25420.js:2:138370)
    at MessagePort.T (https://carbondesignsystem.com/framework-ebf2d83c05b5c1f25420.js:2:138902)
[ 2631042ms] Error: Minified React error #418; visit https://reactjs.org/docs/error-decoder.html?invariant=418 for the full message or use the non-minified dev environment for full errors and additional helpful warnings.
    at sa (https://carbondesignsystem.com/framework-ebf2d83c05b5c1f25420.js:2:49173)
    at xi (https://carbondesignsystem.com/framework-ebf2d83c05b5c1f25420.js:2:122016)
    at bs (https://carbondesignsystem.com/framework-ebf2d83c05b5c1f25420.js:2:109397)
    at vs (https://carbondesignsystem.com/framework-ebf2d83c05b5c1f25420.js:2:109325)
    at gs (https://carbondesignsystem.com/framework-ebf2d83c05b5c1f25420.js:2:109188)
    at ls (https://carbondesignsystem.com/framework-ebf2d83c05b5c1f25420.js:2:104351)
    at S (https://carbondesignsystem.com/framework-ebf2d83c05b5c1f25420.js:2:138370)
    at MessagePort.T (https://carbondesignsystem.com/framework-ebf2d83c05b5c1f25420.js:2:138902)
[ 2631042ms] Error: Minified React error #418; visit https://reactjs.org/docs/error-decoder.html?invariant=418 for the full message or use the non-minified dev environment for full errors and additional helpful warnings.
    at sa (https://carbondesignsystem.com/framework-ebf2d83c05b5c1f25420.js:2:49173)
    at xi (https://carbondesignsystem.com/framework-ebf2d83c05b5c1f25420.js:2:121839)
    at bs (https://carbondesignsystem.com/framework-ebf2d83c05b5c1f25420.js:2:109397)
    at vs (https://carbondesignsystem.com/framework-ebf2d83c05b5c1f25420.js:2:109325)
    at gs (https://carbondesignsystem.com/framework-ebf2d83c05b5c1f25420.js:2:109188)
    at ls (https://carbondesignsystem.com/framework-ebf2d83c05b5c1f25420.js:2:104351)
    at S (https://carbondesignsystem.com/framework-ebf2d83c05b5c1f25420.js:2:138370)
    at MessagePort.T (https://carbondesignsystem.com/framework-ebf2d83c05b5c1f25420.js:2:138902)
[ 2631042ms] Error: Minified React error #418; visit https://reactjs.org/docs/error-decoder.html?invariant=418 for the full message or use the non-minified dev environment for full errors and additional helpful warnings.
    at sa (https://carbondesignsystem.com/framework-ebf2d83c05b5c1f25420.js:2:49173)
    at xi (https://carbondesignsystem.com/framework-ebf2d83c05b5c1f25420.js:2:122016)
    at bs (https://carbondesignsystem.com/framework-ebf2d83c05b5c1f25420.js:2:109397)
    at vs (https://carbondesignsystem.com/framework-ebf2d83c05b5c1f25420.js:2:109325)
    at gs (https://carbondesignsystem.com/framework-ebf2d83c05b5c1f25420.js:2:109188)
    at ls (https://carbondesignsystem.com/framework-ebf2d83c05b5c1f25420.js:2:104351)
    at S (https://carbondesignsystem.com/framework-ebf2d83c05b5c1f25420.js:2:138370)
    at MessagePort.T (https://carbondesignsystem.com/framework-ebf2d83c05b5c1f25420.js:2:138902)
[ 2631042ms] Error: Minified React error #418; visit https://reactjs.org/docs/error-decoder.html?invariant=418 for the full message or use the non-minified dev environment for full errors and additional helpful warnings.
    at sa (https://carbondesignsystem.com/framework-ebf2d83c05b5c1f25420.js:2:49173)
    at xi (https://carbondesignsystem.com/framework-ebf2d83c05b5c1f25420.js:2:121839)
    at bs (https://carbondesignsystem.com/framework-ebf2d83c05b5c1f25420.js:2:109397)
    at vs (https://carbondesignsystem.com/framework-ebf2d83c05b5c1f25420.js:2:109325)
    at gs (https://carbondesignsystem.com/framework-ebf2d83c05b5c1f25420.js:2:109188)
    at ls (https://carbondesignsystem.com/framework-ebf2d83c05b5c1f25420.js:2:104351)
    at S (https://carbondesignsystem.com/framework-ebf2d83c05b5c1f25420.js:2:138370)
    at MessagePort.T (https://carbondesignsystem.com/framework-ebf2d83c05b5c1f25420.js:2:138902)
[ 2631042ms] Error: Minified React error #418; visit https://reactjs.org/docs/error-decoder.html?invariant=418 for the full message or use the non-minified dev environment for full errors and additional helpful warnings.
    at sa (https://carbondesignsystem.com/framework-ebf2d83c05b5c1f25420.js:2:49173)
    at xi (https://carbondesignsystem.com/framework-ebf2d83c05b5c1f25420.js:2:122016)
    at bs (https://carbondesignsystem.com/framework-ebf2d83c05b5c1f25420.js:2:109397)
    at vs (https://carbondesignsystem.com/framework-ebf2d83c05b5c1f25420.js:2:109325)
    at gs (https://carbondesignsystem.com/framework-ebf2d83c05b5c1f25420.js:2:109188)
    at ls (https://carbondesignsystem.com/framework-ebf2d83c05b5c1f25420.js:2:104351)
    at S (https://carbondesignsystem.com/framework-ebf2d83c05b5c1f25420.js:2:138370)
    at MessagePort.T (https://carbondesignsystem.com/framework-ebf2d83c05b5c1f25420.js:2:138902)
[ 2631042ms] Error: Minified React error #418; visit https://reactjs.org/docs/error-decoder.html?invariant=418 for the full message or use the non-minified dev environment for full errors and additional helpful warnings.
    at sa (https://carbondesignsystem.com/framework-ebf2d83c05b5c1f25420.js:2:49173)
    at xi (https://carbondesignsystem.com/framework-ebf2d83c05b5c1f25420.js:2:121839)
    at bs (https://carbondesignsystem.com/framework-ebf2d83c05b5c1f25420.js:2:109397)
    at vs (https://carbondesignsystem.com/framework-ebf2d83c05b5c1f25420.js:2:109325)
    at gs (https://carbondesignsystem.com/framework-ebf2d83c05b5c1f25420.js:2:109188)
    at ls (https://carbondesignsystem.com/framework-ebf2d83c05b5c1f25420.js:2:104351)
    at S (https://carbondesignsystem.com/framework-ebf2d83c05b5c1f25420.js:2:138370)
    at MessagePort.T (https://carbondesignsystem.com/framework-ebf2d83c05b5c1f25420.js:2:138902)
[ 2631042ms] Error: Minified React error #418; visit https://reactjs.org/docs/error-decoder.html?invariant=418 for the full message or use the non-minified dev environment for full errors and additional helpful warnings.
    at sa (https://carbondesignsystem.com/framework-ebf2d83c05b5c1f25420.js:2:49173)
    at xi (https://carbondesignsystem.com/framework-ebf2d83c05b5c1f25420.js:2:121839)
    at bs (https://carbondesignsystem.com/framework-ebf2d83c05b5c1f25420.js:2:109397)
    at vs (https://carbondesignsystem.com/framework-ebf2d83c05b5c1f25420.js:2:109325)
    at gs (https://carbondesignsystem.com/framework-ebf2d83c05b5c1f25420.js:2:109188)
    at ls (https://carbondesignsystem.com/framework-ebf2d83c05b5c1f25420.js:2:104351)
    at S (https://carbondesignsystem.com/framework-ebf2d83c05b5c1f25420.js:2:138370)
    at MessagePort.T (https://carbondesignsystem.com/framework-ebf2d83c05b5c1f25420.js:2:138902)
[ 2631042ms] Error: Minified React error #418; visit https://reactjs.org/docs/error-decoder.html?invariant=418 for the full message or use the non-minified dev environment for full errors and additional helpful warnings.
    at sa (https://carbondesignsystem.com/framework-ebf2d83c05b5c1f25420.js:2:49173)
    at xi (https://carbondesignsystem.com/framework-ebf2d83c05b5c1f25420.js:2:121839)
    at bs (https://carbondesignsystem.com/framework-ebf2d83c05b5c1f25420.js:2:109397)
    at vs (https://carbondesignsystem.com/framework-ebf2d83c05b5c1f25420.js:2:109325)
    at gs (https://carbondesignsystem.com/framework-ebf2d83c05b5c1f25420.js:2:109188)
    at ls (https://carbondesignsystem.com/framework-ebf2d83c05b5c1f25420.js:2:104351)
    at S (https://carbondesignsystem.com/framework-ebf2d83c05b5c1f25420.js:2:138370)
    at MessagePort.T (https://carbondesignsystem.com/framework-ebf2d83c05b5c1f25420.js:2:138902)
[ 2631042ms] Error: Minified React error #418; visit https://reactjs.org/docs/error-decoder.html?invariant=418 for the full message or use the non-minified dev environment for full errors and additional helpful warnings.
    at sa (https://carbondesignsystem.com/framework-ebf2d83c05b5c1f25420.js:2:49173)
    at xi (https://carbondesignsystem.com/framework-ebf2d83c05b5c1f25420.js:2:121839)
    at bs (https://carbondesignsystem.com/framework-ebf2d83c05b5c1f25420.js:2:109397)
    at vs (https://carbondesignsystem.com/framework-ebf2d83c05b5c1f25420.js:2:109325)
    at gs (https://carbondesignsystem.com/framework-ebf2d83c05b5c1f25420.js:2:109188)
    at ls (https://carbondesignsystem.com/framework-ebf2d83c05b5c1f25420.js:2:104351)
    at S (https://carbondesignsystem.com/framework-ebf2d83c05b5c1f25420.js:2:138370)
    at MessagePort.T (https://carbondesignsystem.com/framework-ebf2d83c05b5c1f25420.js:2:138902)
[ 2631042ms] Error: Minified React error #418; visit https://reactjs.org/docs/error-decoder.html?invariant=418 for the full message or use the non-minified dev environment for full errors and additional helpful warnings.
    at sa (https://carbondesignsystem.com/framework-ebf2d83c05b5c1f25420.js:2:49173)
    at xi (https://carbondesignsystem.com/framework-ebf2d83c05b5c1f25420.js:2:121839)
    at bs (https://carbondesignsystem.com/framework-ebf2d83c05b5c1f25420.js:2:109397)
    at vs (https://carbondesignsystem.com/framework-ebf2d83c05b5c1f25420.js:2:109325)
    at gs (https://carbondesignsystem.com/framework-ebf2d83c05b5c1f25420.js:2:109188)
    at ls (https://carbondesignsystem.com/framework-ebf2d83c05b5c1f25420.js:2:104351)
    at S (https://carbondesignsystem.com/framework-ebf2d83c05b5c1f25420.js:2:138370)
    at MessagePort.T (https://carbondesignsystem.com/framework-ebf2d83c05b5c1f25420.js:2:138902)
[ 2631042ms] Error: Minified React error #418; visit https://reactjs.org/docs/error-decoder.html?invariant=418 for the full message or use the non-minified dev environment for full errors and additional helpful warnings.
    at sa (https://carbondesignsystem.com/framework-ebf2d83c05b5c1f25420.js:2:49173)
    at xi (https://carbondesignsystem.com/framework-ebf2d83c05b5c1f25420.js:2:121839)
    at bs (https://carbondesignsystem.com/framework-ebf2d83c05b5c1f25420.js:2:109397)
    at vs (https://carbondesignsystem.com/framework-ebf2d83c05b5c1f25420.js:2:109325)
    at gs (https://carbondesignsystem.com/framework-ebf2d83c05b5c1f25420.js:2:109188)
    at ls (https://carbondesignsystem.com/framework-ebf2d83c05b5c1f25420.js:2:104351)
    at S (https://carbondesignsystem.com/framework-ebf2d83c05b5c1f25420.js:2:138370)
    at MessagePort.T (https://carbondesignsystem.com/framework-ebf2d83c05b5c1f25420.js:2:138902)
[ 2631042ms] Error: Minified React error #423; visit https://reactjs.org/docs/error-decoder.html?invariant=423 for the full message or use the non-minified dev environment for full errors and additional helpful warnings.
    at xi (https://carbondesignsystem.com/framework-ebf2d83c05b5c1f25420.js:2:121525)
    at bs (https://carbondesignsystem.com/framework-ebf2d83c05b5c1f25420.js:2:109397)
    at vs (https://carbondesignsystem.com/framework-ebf2d83c05b5c1f25420.js:2:109325)
    at gs (https://carbondesignsystem.com/framework-ebf2d83c05b5c1f25420.js:2:109188)
    at as (https://carbondesignsystem.com/framework-ebf2d83c05b5c1f25420.js:2:106023)
    at ls (https://carbondesignsystem.com/framework-ebf2d83c05b5c1f25420.js:2:104578)
    at S (https://carbondesignsystem.com/framework-ebf2d83c05b5c1f25420.js:2:138370)
    at MessagePort.T (https://carbondesignsystem.com/framework-ebf2d83c05b5c1f25420.js:2:138902)
[ 2631109ms] [WARNING] unable to connect to top frame for connecting dev tools @ https://react.carbondesignsystem.com/iframe.html?id=components-accordion--default&globals=theme:white:545
[ 2631187ms] [WARNING] Attempted to set a global (theme) that is not defined in initial globals or globalTypes @ https://react.carbondesignsystem.com/assets/iframe-Bue7tqQQ.js:581
[ 2639971ms] [WARNING] The resource https://1.www.s81c.com/common/carbon/plex/fonts/IBM-Plex-Sans-Variable/fonts/complete/woff2/IBM%20Plex%20Sans%20Var-Roman.woff2 was preloaded using link preload but not used within a few seconds from the window's load event. Please make sure it has an appropriate `as` value and it is preloaded intentionally. @ https://carbondesignsystem.com/components/accordion/usage/:0
[ 2700982ms] [WARNING] The resource https://1.www.s81c.com/common/carbon/plex/fonts/IBM-Plex-Sans-Variable/fonts/complete/woff2/IBM%20Plex%20Sans%20Var-Roman.woff2 was preloaded using link preload but not used within a few seconds from the window's load event. Please make sure it has an appropriate `as` value and it is preloaded intentionally. @ https://carbondesignsystem.com/components/accordion/usage/:0
[ 2761983ms] [WARNING] The resource https://1.www.s81c.com/common/carbon/plex/fonts/IBM-Plex-Sans-Variable/fonts/complete/woff2/IBM%20Plex%20Sans%20Var-Roman.woff2 was preloaded using link preload but not used within a few seconds from the window's load event. Please make sure it has an appropriate `as` value and it is preloaded intentionally. @ https://carbondesignsystem.com/components/accordion/usage/:0
[ 2823006ms] [WARNING] The resource https://1.www.s81c.com/common/carbon/plex/fonts/IBM-Plex-Sans-Variable/fonts/complete/woff2/IBM%20Plex%20Sans%20Var-Roman.woff2 was preloaded using link preload but not used within a few seconds from the window's load event. Please make sure it has an appropriate `as` value and it is preloaded intentionally. @ https://carbondesignsystem.com/components/accordion/usage/:0
[ 2884007ms] [WARNING] The resource https://1.www.s81c.com/common/carbon/plex/fonts/IBM-Plex-Sans-Variable/fonts/complete/woff2/IBM%20Plex%20Sans%20Var-Roman.woff2 was preloaded using link preload but not used within a few seconds from the window's load event. Please make sure it has an appropriate `as` value and it is preloaded intentionally. @ https://carbondesignsystem.com/components/accordion/usage/:0
[ 2939025ms] [WARNING] The resource https://1.www.s81c.com/common/carbon/plex/fonts/IBM-Plex-Sans-Variable/fonts/complete/woff2/IBM%20Plex%20Sans%20Var-Roman.woff2 was preloaded using link preload but not used within a few seconds from the window's load event. Please make sure it has an appropriate `as` value and it is preloaded intentionally. @ https://carbondesignsystem.com/components/accordion/usage/:0
